[arsredovisning.helsingborg.se/index.html]
[helsingborg-stad.github.io/styleguide-web/dist/css/hbg-prime-purple.min.css]
[helsingborg-stad.github.io/index.html]
[f1-eu.readspeaker.com/index.html]
[arsredovisning.helsingborg.se/wp-content/themes/municipio/assets/dist/css/app.min-58ea072d72.css]
[arsredovisning.helsingborg.se/wp-content/plugins/tablepress/css/default.min.css]
[helsingborg-stad.github.io/styleguide-web/dist/js/hbg-prime.min.js]
[cdn.polyfill.io/v2/polyfill.min5859.js]
[f1-eu.readspeaker.com/script/5507/ReadSpeaker7b43.js]
[arsredovisning.helsingborg.se/forvaltningsberattelse/index.html]
[arsredovisning.helsingborg.se/ekonomisk-redovisning/index.html]
[arsredovisning.helsingborg.se/wp-content/uploads/sites/18/2016/02/skolflicka_i_kattarp_1800x600_foto_anna_alexander_olsson-1800x350.jpg]
[arsredovisning.helsingborg.se/kontakta-oss/index.html]
[arsredovisning.helsingborg.se/ordlista/index.html]
[arsredovisning.helsingborg.se/wp-content/uploads/sites/18/2016/09/synpunkter-400x225.jpg]
[arsredovisning.helsingborg.se/forvaltningsberattelse/verksamhetsoversikter/vi-valkomnar-synpunkter/index.html]
[arsredovisning.helsingborg.se/wp-content/uploads/sites/18/2016/01/tjanstegarantier_slf038441-400x225.jpg]
[arsredovisning.helsingborg.se/forvaltningsberattelse/verksamhetsoversikter/stadens-tjanstegarantier/index.html]
[arsredovisning.helsingborg.se/wp-content/uploads/sites/18/2017/03/juli_slf044079-400x225.jpg]
[arsredovisning.helsingborg.se/wp-content/uploads/sites/18/2017/04/helsingborgs_stads_arsredovisning_2016.pdf]
[arsredovisning.helsingborg.se/wp-content/themes/municipio/assets/dist/js/packaged.min.js]
[arsredovisning.helsingborg.se/wp/wp-includes/js/comment-reply.min.js]
[www.google-analytics.com/analytics8a54.js]
[arsredovisning.helsingborg.se/wp/wp-includes/js/wp-embed.min.js]
[arsredovisning.helsingborg.se/index.html]
[arsredovisning.helsingborg.se/wp/wp-admin/admin-ajax.html]
[helsingborg-stad.github.io/index.html]
[cdn.polyfill.io/index.html]
[f1-eu.readspeaker.com/index.html]
[www.google-analytics.com/index.html]
[s.w.org/index.html]
[helsingborg-stad.github.io/styleguide-web/dist/fonts/hbg-pricons.svg]
[helsingborg-stad.github.io/styleguide-web/dist/fonts/fontawesome-webfont3e6e.svg]
[helsingborg-stad.github.io/styleguide-web/dist/images/printbreak.14.delayed]
[helsingborg-stad.github.io/styleguide-web/dist/css/hbg-prime-purple.min.css]
[arsredovisning.helsingborg.se/wp-content/themes/municipio/assets/dist/css/app.min-58ea072d72.css]
[arsredovisning.helsingborg.se/wp-content/plugins/tablepress/css/tablepress.eot]
[arsredovisning.helsingborg.se/wp-content/plugins/tablepress/css/default.min.css]
[arsredovisning.helsingborg.se/wp-content/uploads/sites/18/2017/03/inledning_slf037658-400x225.17.delayed]
[arsredovisning.helsingborg.se/forvaltningsberattelse/inledning/index.html]
[arsredovisning.helsingborg.se/forvaltningsberattelse/organisation-och-styrning/index.html]
[arsredovisning.helsingborg.se/forvaltningsberattelse/ekonomi/index.html]
[arsredovisning.helsingborg.se/forvaltningsberattelse/invanarperspektiv/index.html]
[arsredovisning.helsingborg.se/wp-content/uploads/sites/18/2017/03/org_asli080703-2-400x225.jpg]
[arsredovisning.helsingborg.se/wp-content/uploads/sites/18/2017/03/slf018905_ekonomi-400x225.jpg]
[arsredovisning.helsingborg.se/wp-content/uploads/sites/18/2017/03/inv_sbf034910-1-400x225.jpg]
[arsredovisning.helsingborg.se/wp-content/uploads/sites/18/2016/11/bildrityta-3-400x225.jpg]
[arsredovisning.helsingborg.se/forvaltningsberattelse/index.html]
[arsredovisning.helsingborg.se/wp-content/uploads/sites/18/2016/01/koncernen_hamnfolk-i-containers_feb_2015_fot_ulla_alderin_low-400x225.jpg]
[arsredovisning.helsingborg.se/ekonomisk-redovisning/koncernen/index.html]
[arsredovisning.helsingborg.se/ekonomisk-redovisning/vara-redovisningsprinciper/index.html]
[arsredovisning.helsingborg.se/ekonomisk-redovisning/staden/index.html]
[arsredovisning.helsingborg.se/wp-content/uploads/sites/18/2016/01/staden_dsc_5842-edit-2-400x225.jpg]
[arsredovisning.helsingborg.se/wp-content/uploads/sites/18/2016/10/slf018879_redovisning-400x225.jpg]
[arsredovisning.helsingborg.se/ekonomisk-redovisning/index.html]
[arsredovisning.helsingborg.se/kontakta-oss/index.html]
[arsredovisning.helsingborg.se/ordlista/index.html]
[arsredovisning.helsingborg.se/wp-content/uploads/sites/18/2016/05/skolflicka_mobil-500x500.jpg]
[arsredovisning.helsingborg.se/rattelser/index.html]
[arsredovisning.helsingborg.se/forvaltningsberattelse/inledning/kommunstyrelsens-ordforande/index.html]
[arsredovisning.helsingborg.se/forvaltningsberattelse/verksamhetsoversikter/familjen-helsingborg/index.html]
[arsredovisning.helsingborg.se/forvaltningsberattelse/verksamhetsoversikter/namnder-och-styrelser/index.html]
[arsredovisning.helsingborg.se/forvaltningsberattelse/verksamhetsoversikter/bolag/index.html]
[arsredovisning.helsingborg.se/forvaltningsberattelse/verksamhetsoversikter/vi-valkomnar-synpunkter/efterlyser-mjukare-material-under-klattervaggen/index.html]
[arsredovisning.helsingborg.se/forvaltningsberattelse/verksamhetsoversikter/vi-valkomnar-synpunkter/engelsk-badbrygga-pa-strandpromenaden/index.html]
[arsredovisning.helsingborg.se/forvaltningsberattelse/verksamhetsoversikter/vi-valkomnar-synpunkter/fler-elljusspar-till-helsingborgarna/index.html]
[arsredovisning.helsingborg.se/forvaltningsberattelse/verksamhetsoversikter/vi-valkomnar-synpunkter/jag-saknar-bibliotek-i-paarp/index.html]
[arsredovisning.helsingborg.se/forvaltningsberattelse/verksamhetsoversikter/vi-valkomnar-synpunkter/vad-hande-med-skateboardramperna-vid-angfarjestationen/index.html]
[arsredovisning.helsingborg.se/forvaltningsberattelse/verksamhetsoversikter/vi-valkomnar-synpunkter/index.html]
[arsredovisning.helsingborg.se/forvaltningsberattelse/verksamhetsoversikter/stadens-tjanstegarantier/index.html]
[helsingborg-stad.github.io/styleguide-web/dist/fonts/hbg-pricons.svg]
[helsingborg-stad.github.io/styleguide-web/dist/fonts/fontawesome-webfont3e6e.svg]
[helsingborg-stad.github.io/styleguide-web/dist/images/printbreak.html]
[arsredovisning.helsingborg.se/forvaltningsberattelse/inledning/aret-som-gatt-stort-och-smatt-2016/index.html]
[arsredovisning.helsingborg.se/wp-content/uploads/sites/18/2017/03/inledning_slf037658.jpg]
[arsredovisning.helsingborg.se/forvaltningsberattelse/inledning/vision-2035/index.html]
[arsredovisning.helsingborg.se/forvaltningsberattelse/inledning/fem-ar-i-sammandrag/index.html]
[arsredovisning.helsingborg.se/forvaltningsberattelse/inledning/index.html]
[arsredovisning.helsingborg.se/wp-content/plugins/tablepress/css/tablepressd41d.eot]
[arsredovisning.helsingborg.se/forvaltningsberattelse/organisation-och-styrning/index.html]
[arsredovisning.helsingborg.se/wp-content/uploads/sites/18/2017/03/slf018905_ekonomi.jpg]
[arsredovisning.helsingborg.se/forvaltningsberattelse/organisation-och-styrning/attraktiv-arbetsgivare/index.html]
[arsredovisning.helsingborg.se/forvaltningsberattelse/ekonomi/vad-anvands-skattepengarna-till/index.html]
[arsredovisning.helsingborg.se/forvaltningsberattelse/organisation-och-styrning/sa-styrs-helsingborg/index.html]
[arsredovisning.helsingborg.se/forvaltningsberattelse/ekonomi/index.html]
[arsredovisning.helsingborg.se/wp-content/uploads/sites/18/2017/03/inv_sbf034910-1.jpg]
[arsredovisning.helsingborg.se/forvaltningsberattelse/invanarperspektiv/omvarlden-paverkar-oss/index.html]
[arsredovisning.helsingborg.se/forvaltningsberattelse/ekonomi/forslag-till-resultatdisposition/index.html]
[arsredovisning.helsingborg.se/forvaltningsberattelse/invanarperspektiv/miljo/index.html]
[arsredovisning.helsingborg.se/forvaltningsberattelse/invanarperspektiv/index.html]
[arsredovisning.helsingborg.se/ekonomisk-redovisning/koncernen/index.html]
[arsredovisning.helsingborg.se/ekonomisk-redovisning/koncernen/resultatrakning/index.html]
[arsredovisning.helsingborg.se/ekonomisk-redovisning/koncernen/kassaflodesanalys/index.html]
[arsredovisning.helsingborg.se/ekonomisk-redovisning/koncernen/balansrakning/index.html]
[arsredovisning.helsingborg.se/ekonomisk-redovisning/koncernen/noter/index.html]
[arsredovisning.helsingborg.se/ekonomisk-redovisning/staden/index.html]
[arsredovisning.helsingborg.se/ekonomisk-redovisning/staden/balansrakning/index.html]
[arsredovisning.helsingborg.se/ekonomisk-redovisning/staden/kassaflodesanalys/index.html]
[arsredovisning.helsingborg.se/ekonomisk-redovisning/staden/skattefinansierad-verksamhet/index.html]
[arsredovisning.helsingborg.se/ekonomisk-redovisning/staden/noter/index.html]
[arsredovisning.helsingborg.se/wp-content/uploads/sites/18/2016/10/slf018879_redovisning.jpg]
[arsredovisning.helsingborg.se/ekonomisk-redovisning/vara-redovisningsprinciper/index.html]
[arsredovisning.helsingborg.se/rattelser/index.html]
[arsredovisning.helsingborg.se/ekonomisk-redovisning/staden/driftredovisning-2/index.html]
[arsredovisning.helsingborg.se/ekonomisk-redovisning/staden/investeringsredovisning/index.html]
[arsredovisning.helsingborg.se/ekonomisk-redovisning/staden/revisionsberattelse/index.html]
[arsredovisning.helsingborg.se/forvaltningsberattelse/inledning/kommunstyrelsens-ordforande/index.html]
[arsredovisning.helsingborg.se/forvaltningsberattelse/verksamhetsoversikter/namnder-och-styrelser/index.html]
[arsredovisning.helsingborg.se/forvaltningsberattelse/verksamhetsoversikter/namnder-och-styrelser/stadsbyggnadsnamnden/uppfoljning-av-namndens-mal/index.html]
[arsredovisning.helsingborg.se/forvaltningsberattelse/verksamhetsoversikter/namnder-och-styrelser/stadsbyggnadsnamnden/index.html]
[arsredovisning.helsingborg.se/forvaltningsberattelse/verksamhetsoversikter/namnder-och-styrelser/vard-och-omsorgsnamnden/index.html]
[arsredovisning.helsingborg.se/forvaltningsberattelse/verksamhetsoversikter/namnder-och-styrelser/socialnamnden/index.html]
[arsredovisning.helsingborg.se/forvaltningsberattelse/verksamhetsoversikter/namnder-och-styrelser/arbetsmarknadsnamnden/index.html]
[arsredovisning.helsingborg.se/forvaltningsberattelse/verksamhetsoversikter/namnder-och-styrelser/kulturnamnden/index.html]
[arsredovisning.helsingborg.se/forvaltningsberattelse/verksamhetsoversikter/namnder-och-styrelser/miljonamnden/index.html]
[arsredovisning.helsingborg.se/forvaltningsberattelse/verksamhetsoversikter/namnder-och-styrelser/fastighetsnamnden/index.html]
[arsredovisning.helsingborg.se/forvaltningsberattelse/verksamhetsoversikter/namnder-och-styrelser/idrotts-och-fritidsnamnden/index.html]
[helsingborg.se/wp-content/uploads/2015/09/Bolagsstyrning_i_Helsingborg.2a.delayed]
[arsredovisning.helsingborg.se/forvaltningsberattelse/verksamhetsoversikter/bolag/index.html]
[arsredovisning.helsingborg.se/forvaltningsberattelse/verksamhetsoversikter/bolag/helsingborgs-scen-och-arena-ab-hasab/index.html]
[arsredovisning.helsingborg.se/forvaltningsberattelse/verksamhetsoversikter/bolag/oresundskraft-ab/index.html]
[arsredovisning.helsingborg.se/forvaltningsberattelse/verksamhetsoversikter/bolag/nsr-ab/index.html]
[arsredovisning.helsingborg.se/wp-content/uploads/sites/18/2016/01/nv_karta.png]
[arsredovisning.helsingborg.se/forvaltningsberattelse/verksamhetsoversikter/familjen-helsingborg/index.html]
[arsredovisning.helsingborg.se/wp-content/uploads/sites/18/2017/02/klatter_3342.jpg]
[arsredovisning.helsingborg.se/forvaltningsberattelse/verksamhetsoversikter/vi-valkomnar-synpunkter/efterlyser-mjukare-material-under-klattervaggen/index.html]
[arsredovisning.helsingborg.se/wp-content/uploads/sites/18/2017/02/bryggasbf034830.jpg]
[arsredovisning.helsingborg.se/forvaltningsberattelse/verksamhetsoversikter/vi-valkomnar-synpunkter/engelsk-badbrygga-pa-strandpromenaden/index.html]
[arsredovisning.helsingborg.se/wp-content/uploads/sites/18/2017/02/elljus_img_9365_beskuren.jpg]
[arsredovisning.helsingborg.se/forvaltningsberattelse/verksamhetsoversikter/vi-valkomnar-synpunkter/fler-elljusspar-till-helsingborgarna/index.html]
[arsredovisning.helsingborg.se/wp-content/uploads/sites/18/2017/02/bibliotek.jpg]
[arsredovisning.helsingborg.se/forvaltningsberattelse/verksamhetsoversikter/vi-valkomnar-synpunkter/jag-saknar-bibliotek-i-paarp/index.html]
[arsredovisning.helsingborg.se/wp-content/uploads/sites/18/2017/02/skate_sff034647.jpg]
[arsredovisning.helsingborg.se/forvaltningsberattelse/verksamhetsoversikter/vi-valkomnar-synpunkter/onskan-om-fler-hundhagn-centralt-i-staden/index.html]
[arsredovisning.helsingborg.se/forvaltningsberattelse/verksamhetsoversikter/vi-valkomnar-synpunkter/radd-for-stotar-av-elstangsel-pa-fredriksdal/index.html]
[arsredovisning.helsingborg.se/forvaltningsberattelse/verksamhetsoversikter/vi-valkomnar-synpunkter/vad-hande-med-skateboardramperna-vid-angfarjestationen/index.html]
[arsredovisning.helsingborg.se/wp-content/uploads/sites/18/2016/01/aretsomgatt_landing_3-1024x918.jpg]
[arsredovisning.helsingborg.se/forvaltningsberattelse/inledning/aret-som-gatt-stort-och-smatt-2016/juli-augusti-september/index.html]
[arsredovisning.helsingborg.se/forvaltningsberattelse/inledning/aret-som-gatt-stort-och-smatt-2016/april-maj-juni/index.html]
[arsredovisning.helsingborg.se/forvaltningsberattelse/inledning/aret-som-gatt-stort-och-smatt-2016/oktober-november-december/index.html]
[arsredovisning.helsingborg.se/forvaltningsberattelse/inledning/aret-som-gatt-stort-och-smatt-2016/index.html]
[arsredovisning.helsingborg.se/wp-content/uploads/sites/18/2016/01/vision-2.jpg]
[arsredovisning.helsingborg.se/forvaltningsberattelse/inledning/vision-2035/index.html]
[arsredovisning.helsingborg.se/forvaltningsberattelse/inledning/fem-ar-i-sammandrag/index.html]
[arsredovisning.helsingborg.se/forvaltningsberattelse/organisation-och-styrning/koncernens-organisation/index.html]
[arsredovisning.helsingborg.se/forvaltningsberattelse/organisation-och-styrning/stadens-organisation/index.html]
[arsredovisning.helsingborg.se/forvaltningsberattelse/organisation-och-styrning/kommunstyrelsens-ledamoter/index.html]
[arsredovisning.helsingborg.se/forvaltningsberattelse/organisation-och-styrning/sa-styrs-helsingborg/index.html]
[arsredovisning.helsingborg.se/wp-content/uploads/sites/18/2017/03/video2-1140x641.png]
[arsredovisning.helsingborg.se/forvaltningsberattelse/organisation-och-styrning/attraktiv-arbetsgivare/motivera-och-inspirera/index.html]
[arsredovisning.helsingborg.se/forvaltningsberattelse/organisation-och-styrning/attraktiv-arbetsgivare/ansvarstagande-medarbetare/index.html]
[arsredovisning.helsingborg.se/forvaltningsberattelse/organisation-och-styrning/attraktiv-arbetsgivare/forbattra-arbetsklimat/index.html]
[arsredovisning.helsingborg.se/forvaltningsberattelse/organisation-och-styrning/attraktiv-arbetsgivare/index.html]
[arsredovisning.helsingborg.se/forvaltningsberattelse/ekonomi/vad-anvands-skattepengarna-till/index.html]
[arsredovisning.helsingborg.se/forvaltningsberattelse/ekonomi/forslag-till-resultatdisposition/index.html]
[arsredovisning.helsingborg.se/forvaltningsberattelse/ekonomi/bolagens-ekonomi/index.html]
[arsredovisning.helsingborg.se/wp-content/uploads/sites/18/2016/01/livskvalitet_slf038491.jpg]
[arsredovisning.helsingborg.se/forvaltningsberattelse/ekonomi/finans/index.html]
[arsredovisning.helsingborg.se/forvaltningsberattelse/invanarperspektiv/miljo/index.html]
[arsredovisning.helsingborg.se/forvaltningsberattelse/invanarperspektiv/omvarlden-paverkar-oss/index.html]
[arsredovisning.helsingborg.se/ekonomisk-redovisning/koncernen/resultatrakning/index.html]
[arsredovisning.helsingborg.se/ekonomisk-redovisning/koncernen/balansrakning/index.html]
[arsredovisning.helsingborg.se/ekonomisk-redovisning/koncernen/kassaflodesanalys/index.html]
[arsredovisning.helsingborg.se/ekonomisk-redovisning/koncernen/noter/index.html]
[arsredovisning.helsingborg.se/ekonomisk-redovisning/staden/balansrakning/index.html]
[arsredovisning.helsingborg.se/ekonomisk-redovisning/staden/kassaflodesanalys/index.html]
[arsredovisning.helsingborg.se/ekonomisk-redovisning/staden/noter/index.html]
[arsredovisning.helsingborg.se/ekonomisk-redovisning/staden/skattefinansierad-verksamhet/index.html]
[arsredovisning.helsingborg.se/ekonomisk-redovisning/staden/driftredovisning-2/index.html]
[arsredovisning.helsingborg.se/ekonomisk-redovisning/staden/investeringsredovisning/index.html]
[arsredovisning.helsingborg.se/wp-content/uploads/sites/18/2016/01/koncernen_hamnfolk-i-containers_feb_2015_fot_ulla_alderin_low-1.jpg]
[arsredovisning.helsingborg.se/ekonomisk-redovisning/staden/resultatrakning/index.html]
[arsredovisning.helsingborg.se/wp-content/uploads/sites/18/2017/04/revisionsberattelser-2016.pdf]
[arsredovisning.helsingborg.se/ekonomisk-redovisning/staden/sarredovisning-av-va-verksamhet/index.html]
[arsredovisning.helsingborg.se/wp-content/uploads/sites/18/2017/04/rev_1.png]
[arsredovisning.helsingborg.se/ekonomisk-redovisning/staden/revisionsberattelse/index.html]
[arsredovisning.helsingborg.se/forvaltningsberattelse/verksamhetsoversikter/namnder-och-styrelser/stadsbyggnadsnamnden/uppfoljning-av-namndens-mal/index.html]
[arsredovisning.helsingborg.se/wp-content/uploads/sites/18/2016/01/staden_dsc_5842-edit-2.jpg]
[arsredovisning.helsingborg.se/wp-content/uploads/sites/18/2016/01/peter_danielsson-1200x675.jpg]
[arsredovisning.helsingborg.se/forvaltningsberattelse/verksamhetsoversikter/namnder-och-styrelser/stadsbyggnadsnamnden/arets-verksamhet/index.html]
[arsredovisning.helsingborg.se/forvaltningsberattelse/verksamhetsoversikter/namnder-och-styrelser/stadsbyggnadsnamnden/nyckeltal/index.html]
[arsredovisning.helsingborg.se/forvaltningsberattelse/verksamhetsoversikter/namnder-och-styrelser/stadsbyggnadsnamnden/framtid/index.html]
[arsredovisning.helsingborg.se/wp-content/uploads/sites/18/2016/01/arsredovisning-2016-min.jpg]
[arsredovisning.helsingborg.se/forvaltningsberattelse/verksamhetsoversikter/namnder-och-styrelser/vard-och-omsorgsnamnden/index.html]
[arsredovisning.helsingborg.se/wp-content/uploads/sites/18/2016/11/sbf_img_1329.jpg]
[arsredovisning.helsingborg.se/forvaltningsberattelse/verksamhetsoversikter/namnder-och-styrelser/stadsbyggnadsnamnden/index.html]
[arsredovisning.helsingborg.se/forvaltningsberattelse/verksamhetsoversikter/namnder-och-styrelser/vard-och-omsorgsnamnden/1464-2/index.html]
[arsredovisning.helsingborg.se/forvaltningsberattelse/verksamhetsoversikter/namnder-och-styrelser/vard-och-omsorgsnamnden/framtid/index.html]
[arsredovisning.helsingborg.se/forvaltningsberattelse/verksamhetsoversikter/namnder-och-styrelser/arbetsmarknadsnamnden/index.html]
[arsredovisning.helsingborg.se/wp-content/uploads/sites/18/2016/01/boendehandlaggare.jpg]
[arsredovisning.helsingborg.se/forvaltningsberattelse/verksamhetsoversikter/namnder-och-styrelser/socialnamnden/uppfoljning-av-namndens-mal/index.html]
[arsredovisning.helsingborg.se/forvaltningsberattelse/verksamhetsoversikter/namnder-och-styrelser/arbetsmarknadsnamnden/nyckeltal/index.html]
[arsredovisning.helsingborg.se/forvaltningsberattelse/verksamhetsoversikter/namnder-och-styrelser/arbetsmarknadsnamnden/framtid/index.html]
[arsredovisning.helsingborg.se/forvaltningsberattelse/verksamhetsoversikter/namnder-och-styrelser/socialnamnden/index.html]
[arsredovisning.helsingborg.se/forvaltningsberattelse/verksamhetsoversikter/namnder-och-styrelser/idrotts-och-fritidsnamnden/index.html]
[arsredovisning.helsingborg.se/forvaltningsberattelse/verksamhetsoversikter/namnder-och-styrelser/idrotts-och-fritidsnamnden/arets-verksamhet/index.html]
[arsredovisning.helsingborg.se/forvaltningsberattelse/verksamhetsoversikter/namnder-och-styrelser/idrotts-och-fritidsnamnden/uppfoljning-av-namndens-mal/index.html]
[arsredovisning.helsingborg.se/forvaltningsberattelse/verksamhetsoversikter/namnder-och-styrelser/idrotts-och-fritidsnamnden/nyckeltal/index.html]
[arsredovisning.helsingborg.se/forvaltningsberattelse/verksamhetsoversikter/namnder-och-styrelser/idrotts-och-fritidsnamnden/framtid/index.html]
[arsredovisning.helsingborg.se/forvaltningsberattelse/verksamhetsoversikter/namnder-och-styrelser/kulturnamnden/index.html]
[arsredovisning.helsingborg.se/wp-content/uploads/sites/18/2016/11/fastighets_img_9930.jpg]
[arsredovisning.helsingborg.se/forvaltningsberattelse/verksamhetsoversikter/namnder-och-styrelser/kulturnamnden/framtid/index.html]
[arsredovisning.helsingborg.se/forvaltningsberattelse/verksamhetsoversikter/namnder-och-styrelser/fastighetsnamnden/index.html]
[arsredovisning.helsingborg.se/forvaltningsberattelse/verksamhetsoversikter/namnder-och-styrelser/fastighetsnamnden/nyckeltal/index.html]
[arsredovisning.helsingborg.se/forvaltningsberattelse/verksamhetsoversikter/namnder-och-styrelser/fastighetsnamnden/uppfoljning-av-namndens-mal/index.html]
[arsredovisning.helsingborg.se/forvaltningsberattelse/verksamhetsoversikter/namnder-och-styrelser/fastighetsnamnden/arets-verksamhet/index.html]
[arsredovisning.helsingborg.se/forvaltningsberattelse/verksamhetsoversikter/namnder-och-styrelser/fastighetsnamnden/framtid/index.html]
[arsredovisning.helsingborg.se/forvaltningsberattelse/verksamhetsoversikter/namnder-och-styrelser/miljonamnden/index.html]
[arsredovisning.helsingborg.se/forvaltningsberattelse/verksamhetsoversikter/namnder-och-styrelser/miljonamnden/framtid/index.html]
[arsredovisning.helsingborg.se/forvaltningsberattelse/verksamhetsoversikter/namnder-och-styrelser/miljonamnden/arets-verksamhet/index.html]
[arsredovisning.helsingborg.se/forvaltningsberattelse/verksamhetsoversikter/namnder-och-styrelser/miljonamnden/nyckeltal/index.html]
[arsredovisning.helsingborg.se/forvaltningsberattelse/verksamhetsoversikter/namnder-och-styrelser/overformyndarnamnden/index.html]
[arsredovisning.helsingborg.se/wp-content/uploads/sites/18/2016/11/hasab_den-stora-tradgardsfesten_63a3265lev.jpg]
[arsredovisning.helsingborg.se/forvaltningsberattelse/verksamhetsoversikter/bolag/helsingborgs-scen-och-arena-ab-hasab/framtid/index.html]
[arsredovisning.helsingborg.se/forvaltningsberattelse/verksamhetsoversikter/bolag/helsingborgs-scen-och-arena-ab-hasab/uppfoljning-av-mal-i-agardirektiv/index.html]
[arsredovisning.helsingborg.se/forvaltningsberattelse/verksamhetsoversikter/bolag/helsingborgs-scen-och-arena-ab-hasab/arets-verksamhet/index.html]
[arsredovisning.helsingborg.se/forvaltningsberattelse/verksamhetsoversikter/bolag/helsingborgs-scen-och-arena-ab-hasab/index.html]
[arsredovisning.helsingborg.se/forvaltningsberattelse/verksamhetsoversikter/bolag/oresundskraft-ab/index.html]
[arsredovisning.helsingborg.se/forvaltningsberattelse/verksamhetsoversikter/bolag/nsr-ab/index.html]
[arsredovisning.helsingborg.se/forvaltningsberattelse/verksamhetsoversikter/bolag/oresundskraft-ab/framtid/index.html]
[helsingborg.se/wp-content/uploads/2015/09/Bolagsstyrning_i_Helsingborg.html]
[arsredovisning.helsingborg.se/forvaltningsberattelse/verksamhetsoversikter/bolag/nsr-ab/uppfoljning-av-mal-i-agardirektiv/index.html]
[arsredovisning.helsingborg.se/forvaltningsberattelse/verksamhetsoversikter/bolag/nsr-ab/arets-verksamhet/index.html]
[arsredovisning.helsingborg.se/forvaltningsberattelse/verksamhetsoversikter/bolag/nsr-ab/framtid/index.html]
[arsredovisning.helsingborg.se/forvaltningsberattelse/verksamhetsoversikter/raddningstjansten-skane-nordvast/index.html]
[arsredovisning.helsingborg.se/forvaltningsberattelse/verksamhetsoversikter/vi-valkomnar-synpunkter/onskan-om-fler-hundhagn-centralt-i-staden/index.html]
[arsredovisning.helsingborg.se/wp-content/uploads/sites/18/2017/02/stangsel_fredriksdal_kf_017173.jpg]
[arsredovisning.helsingborg.se/forvaltningsberattelse/verksamhetsoversikter/vi-valkomnar-synpunkter/radd-for-stotar-av-elstangsel-pa-fredriksdal/index.html]
[arsredovisning.helsingborg.se/wp-content/uploads/sites/18/2016/09/synpunkter.jpeg]
[arsredovisning.helsingborg.se/wp-content/uploads/sites/18/2017/03/april_sbf043531.jpg]
[arsredovisning.helsingborg.se/forvaltningsberattelse/inledning/aret-som-gatt-stort-och-smatt-2016/januari-februari-mars/index.html]
[arsredovisning.helsingborg.se/forvaltningsberattelse/inledning/aret-som-gatt-stort-och-smatt-2016/april-maj-juni/index.html]
[arsredovisning.helsingborg.se/forvaltningsberattelse/inledning/aret-som-gatt-stort-och-smatt-2016/juli-augusti-september/index.html]
[arsredovisning.helsingborg.se/forvaltningsberattelse/inledning/aret-som-gatt-stort-och-smatt-2016/oktober-november-december/index.html]
[arsredovisning.helsingborg.se/wp-content/uploads/sites/18/2016/01/aretsomgatt_landing_3.jpg]
[arsredovisning.helsingborg.se/wp-content/uploads/sites/18/2017/03/helsingborgsstad_koncernens_organisation.pdf]
[arsredovisning.helsingborg.se/forvaltningsberattelse/organisation-och-styrning/koncernens-organisation/index.html]
[arsredovisning.helsingborg.se/wp-content/uploads/sites/18/2016/01/stadens_organisatino.png]
[arsredovisning.helsingborg.se/forvaltningsberattelse/organisation-och-styrning/stadens-organisation/index.html]
[arsredovisning.helsingborg.se/wp-content/uploads/sites/18/2017/03/slf036049-1.jpg]
[arsredovisning.helsingborg.se/wp-content/uploads/sites/18/2017/03/slf036104.jpg]
[arsredovisning.helsingborg.se/wp-content/uploads/sites/18/2016/01/slf036125-min.jpg]
[arsredovisning.helsingborg.se/wp-content/uploads/sites/18/2017/03/slf036055.jpg]
[arsredovisning.helsingborg.se/wp-content/uploads/sites/18/2017/03/slf036209.jpg]
[arsredovisning.helsingborg.se/wp-content/uploads/sites/18/2017/03/slf036139.jpg]
[arsredovisning.helsingborg.se/wp-content/uploads/sites/18/2017/03/slf036071.jpg]
[arsredovisning.helsingborg.se/wp-content/uploads/sites/18/2017/03/slf036133.jpg]
[arsredovisning.helsingborg.se/wp-content/uploads/sites/18/2017/03/slf036103.jpg]
[arsredovisning.helsingborg.se/wp-content/uploads/sites/18/2017/03/slf036148.jpg]
[arsredovisning.helsingborg.se/wp-content/uploads/sites/18/2016/01/slf036046-ali-shibl-min.jpg]
[arsredovisning.helsingborg.se/wp-content/uploads/sites/18/2017/03/slf036098.jpg]
[arsredovisning.helsingborg.se/wp-content/uploads/sites/18/2017/03/slf036143-michael-rosenberg-e1489142575708.jpg]
[arsredovisning.helsingborg.se/forvaltningsberattelse/organisation-och-styrning/kommunstyrelsens-ledamoter/index.html]
[arsredovisning.helsingborg.se/forvaltningsberattelse/organisation-och-styrning/attraktiv-arbetsgivare/ansvarstagande-medarbetare/index.html]
[arsredovisning.helsingborg.se/forvaltningsberattelse/organisation-och-styrning/attraktiv-arbetsgivare/motivera-och-inspirera/index.html]
[arsredovisning.helsingborg.se/forvaltningsberattelse/organisation-och-styrning/attraktiv-arbetsgivare/forbattra-arbetsklimat/index.html]
[arsredovisning.helsingborg.se/forvaltningsberattelse/organisation-och-styrning/sa-styrs-helsingborg/mal-och-resultatstyrning-i-namnder-och-verksamheter/index.html]
[arsredovisning.helsingborg.se/wp-content/uploads/sites/18/2016/01/sa_styrs_hbg.png]
[arsredovisning.helsingborg.se/wp-content/uploads/sites/18/2017/03/video1-1140x641.png]
[arsredovisning.helsingborg.se/forvaltningsberattelse/organisation-och-styrning/sa-styrs-helsingborg/stadens-mal/index.html]
[arsredovisning.helsingborg.se/wp-content/uploads/sites/18/2017/03/video3-1140x641.png]
[arsredovisning.helsingborg.se/forvaltningsberattelse/ekonomi/bolagens-ekonomi/index.html]
[arsredovisning.helsingborg.se/forvaltningsberattelse/ekonomi/finans/index.html]
[arsredovisning.helsingborg.se/forvaltningsberattelse/verksamhetsoversikter/index.html]
[arsredovisning.helsingborg.se/ekonomisk-redovisning/staden/resultatrakning/index.html]
[arsredovisning.helsingborg.se/ekonomisk-redovisning/staden/sarredovisning-av-va-verksamhet/index.html]
[arsredovisning.helsingborg.se/forvaltningsberattelse/verksamhetsoversikter/namnder-och-styrelser/stadsbyggnadsnamnden/arets-verksamhet/index.html]
[arsredovisning.helsingborg.se/wp-content/uploads/sites/18/2017/04/rev_2.png]
[arsredovisning.helsingborg.se/forvaltningsberattelse/invanarperspektiv/future/index.html]
[arsredovisning.helsingborg.se/forvaltningsberattelse/verksamhetsoversikter/namnder-och-styrelser/stadsbyggnadsnamnden/uppfoljning-av-namndens-mal/malanalys/index.html]
[arsredovisning.helsingborg.se/forvaltningsberattelse/verksamhetsoversikter/namnder-och-styrelser/stadsbyggnadsnamnden/arets-verksamhet/extern-verksamhet/index.html]
[arsredovisning.helsingborg.se/forvaltningsberattelse/verksamhetsoversikter/namnder-och-styrelser/stadsbyggnadsnamnden/nyckeltal/index.html]
[arsredovisning.helsingborg.se/forvaltningsberattelse/verksamhetsoversikter/namnder-och-styrelser/stadsbyggnadsnamnden/framtid/index.html]
[arsredovisning.helsingborg.se/forvaltningsberattelse/verksamhetsoversikter/namnder-och-styrelser/vard-och-omsorgsnamnden/1464-2/index.html]
[arsredovisning.helsingborg.se/forvaltningsberattelse/verksamhetsoversikter/namnder-och-styrelser/vard-och-omsorgsnamnden/framtid/index.html]
[arsredovisning.helsingborg.se/forvaltningsberattelse/verksamhetsoversikter/namnder-och-styrelser/arbetsmarknadsnamnden/nyckeltal/index.html]
[arsredovisning.helsingborg.se/forvaltningsberattelse/verksamhetsoversikter/namnder-och-styrelser/arbetsmarknadsnamnden/framtid/index.html]
[arsredovisning.helsingborg.se/forvaltningsberattelse/verksamhetsoversikter/namnder-och-styrelser/socialnamnden/uppfoljning-av-namndens-mal/index.html]
[arsredovisning.helsingborg.se/wp-content/uploads/sites/18/2016/11/amf_verksamhet-1.jpg]
[arsredovisning.helsingborg.se/forvaltningsberattelse/verksamhetsoversikter/namnder-och-styrelser/arbetsmarknadsnamnden/uppfoljning-av-namndens-mal/index.html]
[arsredovisning.helsingborg.se/forvaltningsberattelse/verksamhetsoversikter/namnder-och-styrelser/arbetsmarknadsnamnden/arets-verksamhet/index.html]
[arsredovisning.helsingborg.se/forvaltningsberattelse/verksamhetsoversikter/namnder-och-styrelser/socialnamnden/uppfoljning-av-namndens-mal/malanalys/index.html]
[arsredovisning.helsingborg.se/forvaltningsberattelse/verksamhetsoversikter/namnder-och-styrelser/socialnamnden/arets-verksamhet/index.html]
[arsredovisning.helsingborg.se/forvaltningsberattelse/verksamhetsoversikter/namnder-och-styrelser/idrotts-och-fritidsnamnden/uppfoljning-av-namndens-mal/index.html]
[arsredovisning.helsingborg.se/forvaltningsberattelse/verksamhetsoversikter/namnder-och-styrelser/idrotts-och-fritidsnamnden/arets-verksamhet/index.html]
[arsredovisning.helsingborg.se/forvaltningsberattelse/verksamhetsoversikter/namnder-och-styrelser/idrotts-och-fritidsnamnden/nyckeltal/index.html]
[arsredovisning.helsingborg.se/forvaltningsberattelse/verksamhetsoversikter/namnder-och-styrelser/idrotts-och-fritidsnamnden/framtid/index.html]
[arsredovisning.helsingborg.se/wp-content/uploads/sites/18/2016/01/idrott_ros-friskare-generation-5-foto-mats-roslund.jpg]
[arsredovisning.helsingborg.se/forvaltningsberattelse/verksamhetsoversikter/namnder-och-styrelser/idrotts-och-fritidsnamnden/arets-verksamhet/extern-verksamhet/index.html]
[arsredovisning.helsingborg.se/forvaltningsberattelse/verksamhetsoversikter/namnder-och-styrelser/kulturnamnden/arets-verksamhet/index.html]
[arsredovisning.helsingborg.se/forvaltningsberattelse/verksamhetsoversikter/namnder-och-styrelser/kulturnamnden/uppfoljning-av-namndens-mal/index.html]
[arsredovisning.helsingborg.se/forvaltningsberattelse/verksamhetsoversikter/namnder-och-styrelser/kulturnamnden/framtid/index.html]
[arsredovisning.helsingborg.se/forvaltningsberattelse/verksamhetsoversikter/namnder-och-styrelser/fastighetsnamnden/uppfoljning-av-namndens-mal/index.html]
[arsredovisning.helsingborg.se/forvaltningsberattelse/verksamhetsoversikter/namnder-och-styrelser/fastighetsnamnden/arets-verksamhet/index.html]
[arsredovisning.helsingborg.se/forvaltningsberattelse/verksamhetsoversikter/namnder-och-styrelser/fastighetsnamnden/nyckeltal/index.html]
[arsredovisning.helsingborg.se/forvaltningsberattelse/verksamhetsoversikter/namnder-och-styrelser/fastighetsnamnden/framtid/index.html]
[arsredovisning.helsingborg.se/forvaltningsberattelse/verksamhetsoversikter/namnder-och-styrelser/miljonamnden/arets-verksamhet/index.html]
[arsredovisning.helsingborg.se/forvaltningsberattelse/verksamhetsoversikter/namnder-och-styrelser/miljonamnden/nyckeltal/index.html]
[arsredovisning.helsingborg.se/forvaltningsberattelse/verksamhetsoversikter/namnder-och-styrelser/miljonamnden/framtid/index.html]
[arsredovisning.helsingborg.se/wp-content/uploads/sites/18/2016/01/martina-och-ann-mari2.jpg]
[arsredovisning.helsingborg.se/wp-content/uploads/sites/18/2016/01/miljo_slf038472.jpg]
[arsredovisning.helsingborg.se/forvaltningsberattelse/verksamhetsoversikter/namnder-och-styrelser/miljonamnden/uppfoljning-av-namndens-mal/index.html]
[arsredovisning.helsingborg.se/forvaltningsberattelse/verksamhetsoversikter/namnder-och-styrelser/overformyndarnamnden/uppfoljning-av-namndens-mal/index.html]
[arsredovisning.helsingborg.se/forvaltningsberattelse/verksamhetsoversikter/namnder-och-styrelser/overformyndarnamnden/index.html]
[arsredovisning.helsingborg.se/forvaltningsberattelse/verksamhetsoversikter/bolag/helsingborgs-scen-och-arena-ab-hasab/uppfoljning-av-mal-i-agardirektiv/index.html]
[arsredovisning.helsingborg.se/forvaltningsberattelse/verksamhetsoversikter/bolag/helsingborgs-scen-och-arena-ab-hasab/arets-verksamhet/index.html]
[arsredovisning.helsingborg.se/forvaltningsberattelse/verksamhetsoversikter/bolag/helsingborgs-scen-och-arena-ab-hasab/framtid/index.html]
[arsredovisning.helsingborg.se/forvaltningsberattelse/verksamhetsoversikter/bolag/helsingborgs-hamn-ab/index.html]
[arsredovisning.helsingborg.se/forvaltningsberattelse/verksamhetsoversikter/bolag/oresundskraft-ab/uppfoljning-av-mal-i-agardirektiv/index.html]
[arsredovisning.helsingborg.se/forvaltningsberattelse/verksamhetsoversikter/bolag/ab-helsingborghem/index.html]
[arsredovisning.helsingborg.se/forvaltningsberattelse/verksamhetsoversikter/bolag/oresundskraft-ab/arets-verksamhet/index.html]
[arsredovisning.helsingborg.se/forvaltningsberattelse/verksamhetsoversikter/bolag/oresundskraft-ab/framtid/index.html]
[arsredovisning.helsingborg.se/forvaltningsberattelse/verksamhetsoversikter/bolag/nsr-ab/uppfoljning-av-mal-i-agardirektiv/index.html]
[arsredovisning.helsingborg.se/forvaltningsberattelse/verksamhetsoversikter/bolag/nsr-ab/arets-verksamhet/index.html]
[arsredovisning.helsingborg.se/forvaltningsberattelse/verksamhetsoversikter/bolag/nsr-ab/framtid/index.html]
[arsredovisning.helsingborg.se/wp-content/uploads/sites/18/2016/11/nsr_dsc_7423-fotograf-nsr-ab-cc-by-nc-nd.jpg]
[arsredovisning.helsingborg.se/wp-content/uploads/sites/18/2016/01/raddning_01_img_1736.jpg]
[arsredovisning.helsingborg.se/forvaltningsberattelse/verksamhetsoversikter/raddningstjansten-skane-nordvast/index.html]
[arsredovisning.helsingborg.se/forvaltningsberattelse/verksamhetsoversikter/vi-valkomnar-synpunkter/brist-pa-lekplatser-i-domsten/index.html]
[arsredovisning.helsingborg.se/forvaltningsberattelse/inledning/aret-som-gatt-stort-och-smatt-2016/januari-februari-mars/index.html]
[arsredovisning.helsingborg.se/wp-content/uploads/sites/18/2017/02/hundrast.jpg]
[arsredovisning.helsingborg.se/wp-content/uploads/sites/18/2017/03/juli_slf044079.jpg]
[arsredovisning.helsingborg.se/wp-content/uploads/sites/18/2017/03/oktober_74a0714-fotograf-rickard-johnsson-studio-e-cc-by-nc-nd.jpg]
[arsredovisning.helsingborg.se/forvaltningsberattelse/inledning/aret-som-gatt-stort-och-smatt-2016/hela-aret/index.html]
[arsredovisning.helsingborg.se/wp-content/uploads/sites/18/2016/01/helsingborgsstad_flodes-01.png]
[arsredovisning.helsingborg.se/forvaltningsberattelse/organisation-och-styrning/sa-styrs-helsingborg/mal-och-resultatstyrning-i-namnder-och-verksamheter/index.html]
[arsredovisning.helsingborg.se/forvaltningsberattelse/organisation-och-styrning/sa-styrs-helsingborg/stadens-mal/index.html]
[arsredovisning.helsingborg.se/wp-content/uploads/sites/18/2017/03/org_asli080703-2.jpg]
[arsredovisning.helsingborg.se/forvaltningsberattelse/ekonomi/koncernens-ekonomi/index.html]
[arsredovisning.helsingborg.se/forvaltningsberattelse/ekonomi/stadens-ekonomi/index.html]
[arsredovisning.helsingborg.se/forvaltningsberattelse/invanarperspektiv/jamforelse-med-andra-kommuner/index.html]
[arsredovisning.helsingborg.se/wp-content/uploads/sites/18/2016/01/gaby.jpg]
[arsredovisning.helsingborg.se/forvaltningsberattelse/invanarperspektiv/future/index.html]
[arsredovisning.helsingborg.se/forvaltningsberattelse/verksamhetsoversikter/namnder-och-styrelser/stadsbyggnadsnamnden/uppfoljning-av-namndens-mal/malanalys/index.html]
[arsredovisning.helsingborg.se/forvaltningsberattelse/verksamhetsoversikter/namnder-och-styrelser/stadsbyggnadsnamnden/arets-verksamhet/extern-verksamhet/index.html]
[arsredovisning.helsingborg.se/forvaltningsberattelse/verksamhetsoversikter/namnder-och-styrelser/barn-och-utbildningsnamnden/index.html]
[arsredovisning.helsingborg.se/forvaltningsberattelse/invanarperspektiv/future/framtidsinvesteringar-stadsutveckling/index.html]
[arsredovisning.helsingborg.se/forvaltningsberattelse/verksamhetsoversikter/namnder-och-styrelser/arbetsmarknadsnamnden/uppfoljning-av-namndens-mal/index.html]
[arsredovisning.helsingborg.se/forvaltningsberattelse/verksamhetsoversikter/namnder-och-styrelser/arbetsmarknadsnamnden/arets-verksamhet/index.html]
[arsredovisning.helsingborg.se/wp-content/uploads/sites/18/2016/11/vof_2734-2.jpg]
[arsredovisning.helsingborg.se/forvaltningsberattelse/verksamhetsoversikter/namnder-och-styrelser/vard-och-omsorgsnamnden/arets-verksamhet/index.html]
[arsredovisning.helsingborg.se/forvaltningsberattelse/verksamhetsoversikter/namnder-och-styrelser/arbetsmarknadsnamnden/arets-verksamhet/extern-verksamhet/index.html]
[arsredovisning.helsingborg.se/forvaltningsberattelse/verksamhetsoversikter/namnder-och-styrelser/socialnamnden/uppfoljning-av-namndens-mal/malanalys/index.html]
[arsredovisning.helsingborg.se/forvaltningsberattelse/verksamhetsoversikter/namnder-och-styrelser/socialnamnden/arets-verksamhet/index.html]
[arsredovisning.helsingborg.se/forvaltningsberattelse/verksamhetsoversikter/namnder-och-styrelser/idrotts-och-fritidsnamnden/arets-verksamhet/extern-verksamhet/index.html]
[arsredovisning.helsingborg.se/forvaltningsberattelse/verksamhetsoversikter/namnder-och-styrelser/kulturnamnden/uppfoljning-av-namndens-mal/index.html]
[arsredovisning.helsingborg.se/forvaltningsberattelse/verksamhetsoversikter/namnder-och-styrelser/kulturnamnden/arets-verksamhet/index.html]
[arsredovisning.helsingborg.se/wp-content/uploads/sites/18/2016/01/kf_historien01_annabank.jpg]
[arsredovisning.helsingborg.se/forvaltningsberattelse/verksamhetsoversikter/namnder-och-styrelser/idrotts-och-fritidsnamnden/uppfoljning-av-namndens-mal/malanalys/index.html]
[arsredovisning.helsingborg.se/forvaltningsberattelse/verksamhetsoversikter/namnder-och-styrelser/kulturnamnden/uppfoljning-av-namndens-mal/malanalys/index.html]
[arsredovisning.helsingborg.se/forvaltningsberattelse/verksamhetsoversikter/namnder-och-styrelser/kulturnamnden/nyckeltal/index.html]
[arsredovisning.helsingborg.se/forvaltningsberattelse/verksamhetsoversikter/namnder-och-styrelser/miljonamnden/uppfoljning-av-namndens-mal/index.html]
[arsredovisning.helsingborg.se/forvaltningsberattelse/verksamhetsoversikter/namnder-och-styrelser/overformyndarnamnden/uppfoljning-av-namndens-mal/index.html]
[arsredovisning.helsingborg.se/forvaltningsberattelse/verksamhetsoversikter/namnder-och-styrelser/kommunstyrelsen/index.html]
[arsredovisning.helsingborg.se/wp-content/uploads/sites/18/2016/11/hamn_4960.jpg]
[arsredovisning.helsingborg.se/forvaltningsberattelse/verksamhetsoversikter/namnder-och-styrelser/overformyndarnamnden/nyckeltal/index.html]
[arsredovisning.helsingborg.se/forvaltningsberattelse/verksamhetsoversikter/namnder-och-styrelser/overformyndarnamnden/framtid/index.html]
[arsredovisning.helsingborg.se/forvaltningsberattelse/verksamhetsoversikter/bolag/helsingborgs-hamn-ab/arets-verksamhet/index.html]
[arsredovisning.helsingborg.se/forvaltningsberattelse/verksamhetsoversikter/bolag/helsingborgs-hamn-ab/uppfoljning-av-mal-i-agardirektivet/index.html]
[arsredovisning.helsingborg.se/forvaltningsberattelse/verksamhetsoversikter/bolag/helsingborgs-hamn-ab/index.html]
[arsredovisning.helsingborg.se/forvaltningsberattelse/verksamhetsoversikter/bolag/ab-helsingborghem/index.html]
[arsredovisning.helsingborg.se/forvaltningsberattelse/verksamhetsoversikter/bolag/oresundskraft-ab/uppfoljning-av-mal-i-agardirektiv/index.html]
[arsredovisning.helsingborg.se/forvaltningsberattelse/verksamhetsoversikter/bolag/oresundskraft-ab/arets-verksamhet/index.html]
[arsredovisning.helsingborg.se/wp-content/uploads/sites/18/2016/11/oresundskraft_kundservice_1005.jpg]
[arsredovisning.helsingborg.se/wp-content/uploads/sites/18/2017/03/januari_famil_pa_buss.jpg]
[arsredovisning.helsingborg.se/wp-content/uploads/sites/18/2017/03/sff034759.jpg]
[arsredovisning.helsingborg.se/forvaltningsberattelse/verksamhetsoversikter/bolag/ab-helsingborghem/framtid/index.html]
[arsredovisning.helsingborg.se/forvaltningsberattelse/inledning/aret-som-gatt-stort-och-smatt-2016/hela-aret/index.html]
[arsredovisning.helsingborg.se/wp-content/uploads/sites/18/2016/10/pixlapiren_sbf043543.jpg]
[arsredovisning.helsingborg.se/wp-content/uploads/sites/18/2016/10/livskvalitet_slf022386.jpg]
[arsredovisning.helsingborg.se/wp-content/uploads/sites/18/2016/10/hh_termin_w4c9396.jpg]
[arsredovisning.helsingborg.se/forvaltningsberattelse/invanarperspektiv/future/framtidsinvesteringar-stadsutveckling/index.html]
[arsredovisning.helsingborg.se/forvaltningsberattelse/verksamhetsoversikter/namnder-och-styrelser/vard-och-omsorgsnamnden/uppfoljning-av-namndens-mal/index.html]
[arsredovisning.helsingborg.se/forvaltningsberattelse/verksamhetsoversikter/namnder-och-styrelser/vard-och-omsorgsnamnden/arets-verksamhet/index.html]
[arsredovisning.helsingborg.se/forvaltningsberattelse/verksamhetsoversikter/namnder-och-styrelser/arbetsmarknadsnamnden/arets-verksamhet/extern-verksamhet/index.html]
[arsredovisning.helsingborg.se/forvaltningsberattelse/verksamhetsoversikter/namnder-och-styrelser/socialnamnden/nyckeltal/index.html]
[arsredovisning.helsingborg.se/forvaltningsberattelse/verksamhetsoversikter/namnder-och-styrelser/socialnamnden/framtid/index.html]
[arsredovisning.helsingborg.se/forvaltningsberattelse/verksamhetsoversikter/namnder-och-styrelser/idrotts-och-fritidsnamnden/uppfoljning-av-namndens-mal/malanalys/index.html]
[arsredovisning.helsingborg.se/forvaltningsberattelse/verksamhetsoversikter/namnder-och-styrelser/kulturnamnden/uppfoljning-av-namndens-mal/malanalys/index.html]
[arsredovisning.helsingborg.se/forvaltningsberattelse/verksamhetsoversikter/namnder-och-styrelser/kulturnamnden/nyckeltal/index.html]
[arsredovisning.helsingborg.se/forvaltningsberattelse/verksamhetsoversikter/namnder-och-styrelser/vard-och-omsorgsnamnden/arets-verksamhet/extern-verksamhet/index.html]
[arsredovisning.helsingborg.se/forvaltningsberattelse/verksamhetsoversikter/namnder-och-styrelser/arbetsmarknadsnamnden/uppfoljning-av-namndens-mal/malanalys/index.html]
[arsredovisning.helsingborg.se/forvaltningsberattelse/verksamhetsoversikter/namnder-och-styrelser/socialnamnden/arets-verksamhet/extern-verksamhet/index.html]
[arsredovisning.helsingborg.se/forvaltningsberattelse/verksamhetsoversikter/namnder-och-styrelser/fastighetsnamnden/uppfoljning-av-namndens-mal/malanalys/index.html]
[arsredovisning.helsingborg.se/forvaltningsberattelse/verksamhetsoversikter/namnder-och-styrelser/overformyndarnamnden/nyckeltal/index.html]
[arsredovisning.helsingborg.se/forvaltningsberattelse/verksamhetsoversikter/namnder-och-styrelser/overformyndarnamnden/framtid/index.html]
[arsredovisning.helsingborg.se/forvaltningsberattelse/verksamhetsoversikter/bolag/helsingborgs-hamn-ab/uppfoljning-av-mal-i-agardirektivet/index.html]
[arsredovisning.helsingborg.se/forvaltningsberattelse/verksamhetsoversikter/bolag/helsingborgs-hamn-ab/arets-verksamhet/index.html]
[arsredovisning.helsingborg.se/forvaltningsberattelse/verksamhetsoversikter/bolag/ab-helsingborghem/uppfoljning-av-mal-i-agardirektiv/index.html]
[arsredovisning.helsingborg.se/forvaltningsberattelse/verksamhetsoversikter/bolag/helsingborgs-hamn-ab/framtid/index.html]
[arsredovisning.helsingborg.se/forvaltningsberattelse/verksamhetsoversikter/namnder-och-styrelser/overformyndarnamnden/arets-verksamhet/index.html]
[arsredovisning.helsingborg.se/forvaltningsberattelse/verksamhetsoversikter/bolag/ab-helsingborghem/arets-verksamhet/index.html]
[arsredovisning.helsingborg.se/forvaltningsberattelse/verksamhetsoversikter/bolag/ab-helsingborghem/framtid/index.html]
[arsredovisning.helsingborg.se/wp-content/uploads/sites/18/2016/01/helsingborgsstad_flocc88des.pdf]
[arsredovisning.helsingborg.se/forvaltningsberattelse/verksamhetsoversikter/namnder-och-styrelser/vard-och-omsorgsnamnden/arets-verksamhet/extern-verksamhet/index.html]
[arsredovisning.helsingborg.se/forvaltningsberattelse/verksamhetsoversikter/namnder-och-styrelser/arbetsmarknadsnamnden/uppfoljning-av-namndens-mal/malanalys/index.html]
[arsredovisning.helsingborg.se/forvaltningsberattelse/verksamhetsoversikter/namnder-och-styrelser/socialnamnden/arets-verksamhet/extern-verksamhet/index.html]
[arsredovisning.helsingborg.se/forvaltningsberattelse/verksamhetsoversikter/namnder-och-styrelser/fastighetsnamnden/uppfoljning-av-namndens-mal/malanalys/index.html]
[arsredovisning.helsingborg.se/forvaltningsberattelse/verksamhetsoversikter/namnder-och-styrelser/overformyndarnamnden/arets-verksamhet/index.html]
[arsredovisning.helsingborg.se/forvaltningsberattelse/verksamhetsoversikter/bolag/helsingborgs-hamn-ab/framtid/index.html]
[arsredovisning.helsingborg.se/forvaltningsberattelse/verksamhetsoversikter/bolag/ab-helsingborghem/uppfoljning-av-mal-i-agardirektiv/index.html]
[arsredovisning.helsingborg.se/forvaltningsberattelse/verksamhetsoversikter/bolag/ab-helsingborghem/arets-verksamhet/index.html]
[arsredovisning.helsingborg.se/wp-content/uploads/sites/18/2016/01/helsingborgshem_staden_7.jpg]
[arsredovisning.helsingborg.se/wp-content/uploads/sites/18/2017/03/zonen.jpg]
[arsredovisning.helsingborg.se/forvaltningsberattelse/verksamhetsoversikter/namnder-och-styrelser/overformyndarnamnden/uppfoljning-av-namndens-mal/malanalys/index.html]
[arsredovisning.helsingborg.se/wp-content/uploads/sites/18/2016/10/hbg_malkedjan_purple-1024x180.jpg]
[arsredovisning.helsingborg.se/forvaltningsberattelse/organisation-och-styrning/sa-styrs-helsingborg/stadens-mal/malkommentare/index.html]
[arsredovisning.helsingborg.se/forvaltningsberattelse/verksamhetsoversikter/namnder-och-styrelser/miljonamnden/uppfoljning-av-namndens-mal/malanalys/index.html]
[arsredovisning.helsingborg.se/forvaltningsberattelse/verksamhetsoversikter/namnder-och-styrelser/miljonamnden/uppfoljning-av-namndens-mal/malanalys/nn6.6d.delayed]
[arsredovisning.helsingborg.se/forvaltningsberattelse/verksamhetsoversikter/namnder-och-styrelser/miljonamnden/uppfoljning-av-namndens-mal/malanalys/index.html]
[arsredovisning.helsingborg.se/forvaltningsberattelse/verksamhetsoversikter/namnder-och-styrelser/overformyndarnamnden/uppfoljning-av-namndens-mal/malanalys/index.html]
[arsredovisning.helsingborg.se/forvaltningsberattelse/verksamhetsoversikter/namnder-och-styrelser/miljonamnden/uppfoljning-av-namndens-mal/malanalys/nn2]
[arsredovisning.helsingborg.se/forvaltningsberattelse/verksamhetsoversikter/namnder-och-styrelser/miljonamnden/uppfoljning-av-namndens-mal/malanalys/nn6.html]
[arsredovisning.helsingborg.se/forvaltningsberattelse/verksamhetsoversikter/namnder-och-styrelser/miljonamnden/uppfoljning-av-namndens-mal/malanalys/nn2]
[arsredovisning.helsingborg.se/forvaltningsberattelse/verksamhetsoversikter/namnder-och-styrelser/miljonamnden/uppfoljning-av-namndens-mal/malanalys/nn5]
[arsredovisning.helsingborg.se/forvaltningsberattelse/verksamhetsoversikter/namnder-och-styrelser/miljonamnden/uppfoljning-av-namndens-mal/malanalys/nn3]
[arsredovisning.helsingborg.se/forvaltningsberattelse/verksamhetsoversikter/namnder-och-styrelser/miljonamnden/uppfoljning-av-namndens-mal/malanalys/nn4]
[arsredovisning.helsingborg.se/forvaltningsberattelse/verksamhetsoversikter/namnder-och-styrelser/miljonamnden/uppfoljning-av-namndens-mal/malanalys/nn3]
[arsredovisning.helsingborg.se/forvaltningsberattelse/verksamhetsoversikter/namnder-och-styrelser/miljonamnden/uppfoljning-av-namndens-mal/malanalys/nn4]
[arsredovisning.helsingborg.se/forvaltningsberattelse/verksamhetsoversikter/namnder-och-styrelser/miljonamnden/uppfoljning-av-namndens-mal/malanalys/nn5]
